GNU LilyPond 2.26.0 (running Guile 3.0)
`mmr1.ly' を処理しています
構文解析中...
楽曲を解釈中...
グラフィカルオブジェクトの前処理中...
楽曲を解釈中...
グラフィカルオブジェクトの前処理中...
理想的なページ数を見つけています...
楽譜を 1 ページにしています...
描画しています...
`mmr1.pdf' へ変換中...
MMREST x=0.0 y=-3.7759999999999994 yext=(-3.4009999999999994 . -2.7759999999999994) bars=1 ink
STAFF sy=-3.7759999999999994
NH pos=-2 x=17.075 y=-4.776 ink note=4 src=11:40
BAR x=14.985
STEM dir=1 x=18.055999999999997 ink
WISH left=(17.075 17.075) right=(23.32504499913461)
BAR x=23.13504499913461
MMREST x=0.0 y=-2.7759999999999994 yext=(-2.4009999999999994 . -1.7759999999999994) bars=1 ink
MMREST x=0.0 y=-6.776 yext=(-6.401 . -5.776) bars=1 ink
STAFF sy=-3.7759999999999994
REST x=17.075 y=-1.7759999999999994 yext=(-2.4009999999999994 . -1.7759999999999994) dur=0 dir=1 ink src=14:51 headend=1.4999999999999998
REST x=17.075 y=-5.776 yext=(-6.401 . -5.776) dur=0 dir=-1 ink src=14:86 headend=1.4999999999999998
BAR x=14.985
STEM dir=1 x=17.825 ink
WISH left=(17.075 17.075) right=(22.863044999134612)
STEM dir=-1 x=17.825 ink
WISH left=(17.075 17.075) right=(22.863044999134612)
BAR x=22.67304499913461
成功: コンパイルが成功しました
