GNU LilyPond 2.26.0 (running Guile 3.0)
`mmr1b.ly' を処理しています
構文解析中...
楽曲を解釈中...[8]
グラフィカルオブジェクトの前処理中...
楽曲を解釈中...[8]
グラフィカルオブジェクトの前処理中...
理想的なページ数を見つけています...
楽譜を 1 ページにしています...
描画しています...STAFF sy=-3.7759999999999994
MMREST x=90.66079355671698 y=-3.7759999999999994 bars=1 ink
NH pos=-2 x=8.584999999999999 y=-4.776 ink note=4 src=8:35
STEM dir=1 x=9.8242 ink
WISH left=(8.584999999999999 8.584999999999999) right=(11.587244999134612 11.587244999134612)
NH pos=-1 x=11.587244999134612 y=-4.276 ink note=5 src=8:38
STEM dir=1 x=12.826444999134612 ink
WISH left=(11.587244999134612 11.587244999134612) right=(14.607718569697795 14.607718569697795)
NH pos=0 x=14.607718569697795 y=-3.7759999999999994 ink note=6 src=8:40
STEM dir=-1 x=14.672718569697794 ink
WISH left=(14.607718569697795 14.607718569697795) right=(17.609963568832406 17.609963568832406)
NH pos=1 x=17.609963568832406 y=-3.2759999999999994 ink note=0 src=8:42
STEM dir=-1 x=17.674963568832407 ink
WISH left=(17.609963568832406 17.609963568832406) right=(22.53693713939559 22.53693713939559 20.44693713939559)
REST x=22.53693713939559 y=-2.7759999999999994 dur=0 dir=() ink src=8:46 headend=1.4999999999999998
BAR x=20.44693713939559
STEM dir=-1 x=23.28693713939559 ink
WISH left=(22.53693713939559 22.53693713939559) right=(29.2249821385302 29.2249821385302 28.1349821385302)
NH pos=-2 x=29.2249821385302 y=-4.776 ink note=4 src=8:51
BAR x=28.1349821385302
STEM dir=1 x=30.4641821385302 ink
WISH left=(29.2249821385302 29.2249821385302) right=(32.22722713766481 32.22722713766481)
NH pos=-1 x=32.22722713766481 y=-4.276 ink note=5 src=8:54
STEM dir=1 x=33.46642713766481 ink
WISH left=(32.22722713766481 32.22722713766481) right=(35.247700708227995 35.247700708227995)
NH pos=0 x=35.247700708227995 y=-3.7759999999999994 ink note=6 src=8:56
STEM dir=-1 x=35.31270070822799 ink
WISH left=(35.247700708227995 35.247700708227995) right=(38.249945707362606 38.249945707362606)
NH pos=1 x=38.249945707362606 y=-3.2759999999999994 ink note=0 src=8:58
STEM dir=-1 x=38.314945707362604 ink
WISH left=(38.249945707362606 38.249945707362606) right=(41.08691927792579 50.06691927792579 50.06691927792579 48.97691927792579)
BAR x=41.08691927792579
NH pos=-2 x=50.06691927792579 y=-4.776 ink note=4 src=8:69
BAR x=48.97691927792579
STEM dir=1 x=51.30611927792579 ink
WISH left=(50.06691927792579 50.06691927792579) right=(53.0691642770604 53.0691642770604)
NH pos=-1 x=53.0691642770604 y=-4.276 ink note=5 src=8:72
STEM dir=1 x=54.3083642770604 ink
WISH left=(53.0691642770604 53.0691642770604) right=(56.089637847623585 56.089637847623585)
NH pos=0 x=56.089637847623585 y=-3.7759999999999994 ink note=6 src=8:74
STEM dir=-1 x=56.15463784762358 ink
WISH left=(56.089637847623585 56.089637847623585) right=(59.091882846758196 59.091882846758196)
NH pos=1 x=59.091882846758196 y=-3.2759999999999994 ink note=0 src=8:76
STEM dir=-1 x=59.156882846758194 ink
WISH left=(59.091882846758196 59.091882846758196) right=(61.92885641732138 69.81885641732137 78.79885641732137 78.79885641732137 77.70885641732137)
BAR x=61.92885641732138
BAR x=69.81885641732137
NH pos=-2 x=78.79885641732137 y=-4.776 ink note=4 src=8:87
BAR x=77.70885641732137
STEM dir=1 x=80.03805641732137 ink
WISH left=(78.79885641732137 78.79885641732137) right=(81.80110141645599 81.80110141645599)
NH pos=-1 x=81.80110141645599 y=-4.276 ink note=5 src=8:90
STEM dir=1 x=83.04030141645599 ink
WISH left=(81.80110141645599 81.80110141645599) right=(84.82157498701918 84.82157498701918)
NH pos=0 x=84.82157498701918 y=-3.7759999999999994 ink note=6 src=8:92
STEM dir=-1 x=84.88657498701917 ink
WISH left=(84.82157498701918 84.82157498701918) right=(87.8238199861538 87.8238199861538)
NH pos=1 x=87.8238199861538 y=-3.2759999999999994 ink note=0 src=8:94
STEM dir=-1 x=87.88881998615379 ink
WISH left=(87.8238199861538 87.8238199861538) right=(90.66079355671698 98.74079355671698)
BAR x=90.66079355671698
BAR x=98.55079355671698
MMREST x=41.08691927792579 y=-3.7759999999999994 bars=1 ink
MMREST x=61.92885641732138 y=-3.7759999999999994 bars=1 ink
MMREST x=69.81885641732137 y=-3.7759999999999994 bars=1 ink
STAFF sy=-3.7759999999999994
MMREST x=0.0 y=-3.7759999999999994 bars=1 ink
BAR x=11.065
NH pos=-2 x=20.044999999999998 y=-4.776 ink note=4 src=8:105
BAR x=18.955
STEM dir=1 x=21.2842 ink
WISH left=(20.044999999999998 20.044999999999998) right=(23.047244999134612 23.047244999134612)
NH pos=-1 x=23.047244999134612 y=-4.276 ink note=5 src=8:108
STEM dir=1 x=24.286444999134613 ink
WISH left=(23.047244999134612 23.047244999134612) right=(26.067718569697796 26.067718569697796)
NH pos=0 x=26.067718569697796 y=-3.7759999999999994 ink note=6 src=8:110
STEM dir=-1 x=26.132718569697797 ink
WISH left=(26.067718569697796 26.067718569697796) right=(29.069963568832407 29.069963568832407)
NH pos=1 x=29.069963568832407 y=-3.2759999999999994 ink note=0 src=8:112
STEM dir=-1 x=29.134963568832408 ink
WISH left=(29.069963568832407 29.069963568832407) right=(32.09693713939559)
BAR x=31.90693713939559
MMREST x=11.065 y=-3.7759999999999994 bars=1 ink
STAFF sy=-4.450039281241285
MMREST x=83.87079355671699 y=-4.450039281241285 bars=3 ink
MMNUM "3" x=89.62996156924918
NH pos=-2 x=8.584999999999999 y=-5.450039281241285 ink note=4 src=11:54
STEM dir=1 x=9.8242 ink
WISH left=(8.584999999999999 8.584999999999999) right=(11.587244999134612 11.587244999134612)
NH pos=-1 x=11.587244999134612 y=-4.950039281241285 ink note=5 src=11:57
STEM dir=1 x=12.826444999134612 ink
WISH left=(11.587244999134612 11.587244999134612) right=(14.607718569697795 14.607718569697795)
NH pos=0 x=14.607718569697795 y=-4.450039281241285 ink note=6 src=11:59
STEM dir=-1 x=14.672718569697794 ink
WISH left=(14.607718569697795 14.607718569697795) right=(17.609963568832406 17.609963568832406)
NH pos=1 x=17.609963568832406 y=-3.950039281241285 ink note=0 src=11:61
STEM dir=-1 x=17.674963568832407 ink
WISH left=(17.609963568832406 17.609963568832406) right=(22.53693713939559 22.53693713939559 20.44693713939559)
REST x=22.53693713939559 y=-3.450039281241285 dur=0 dir=() ink src=11:65 headend=1.4999999999999998
BAR x=20.44693713939559
STEM dir=-1 x=23.28693713939559 ink
WISH left=(22.53693713939559 22.53693713939559) right=(29.2249821385302 29.2249821385302 28.1349821385302)
NH pos=-2 x=29.2249821385302 y=-5.450039281241285 ink note=4 src=11:70
BAR x=28.1349821385302
STEM dir=1 x=30.4641821385302 ink
WISH left=(29.2249821385302 29.2249821385302) right=(32.22722713766481 32.22722713766481)
NH pos=-1 x=32.22722713766481 y=-4.950039281241285 ink note=5 src=11:73
STEM dir=1 x=33.46642713766481 ink
WISH left=(32.22722713766481 32.22722713766481) right=(35.247700708227995 35.247700708227995)
NH pos=0 x=35.247700708227995 y=-4.450039281241285 ink note=6 src=11:75
STEM dir=-1 x=35.31270070822799 ink
WISH left=(35.247700708227995 35.247700708227995) right=(38.249945707362606 38.249945707362606)
NH pos=1 x=38.249945707362606 y=-3.950039281241285 ink note=0 src=11:77
STEM dir=-1 x=38.314945707362604 ink
WISH left=(38.249945707362606 38.249945707362606) right=(41.08691927792579 50.06691927792579 50.06691927792579 48.97691927792579)
BAR x=41.08691927792579
NH pos=-2 x=50.06691927792579 y=-5.450039281241285 ink note=4 src=11:88
BAR x=48.97691927792579
STEM dir=1 x=51.30611927792579 ink
WISH left=(50.06691927792579 50.06691927792579) right=(53.0691642770604 53.0691642770604)
NH pos=-1 x=53.0691642770604 y=-4.950039281241285 ink note=5 src=11:91
STEM dir=1 x=54.3083642770604 ink
WISH left=(53.0691642770604 53.0691642770604) right=(56.089637847623585 56.089637847623585)
NH pos=0 x=56.089637847623585 y=-4.450039281241285 ink note=6 src=11:93
STEM dir=-1 x=56.15463784762358 ink
WISH left=(56.089637847623585 56.089637847623585) right=(59.091882846758196 59.091882846758196)
NH pos=1 x=59.091882846758196 y=-3.950039281241285 ink note=0 src=11:95
STEM dir=-1 x=59.156882846758194 ink
WISH left=(59.091882846758196 59.091882846758196) right=(61.92885641732138 72.00885641732138 72.00885641732138 70.91885641732138)
BAR x=61.92885641732138
NH pos=-2 x=72.00885641732138 y=-5.450039281241285 ink note=4 src=11:106
BAR x=70.91885641732138
STEM dir=1 x=73.24805641732138 ink
WISH left=(72.00885641732138 72.00885641732138) right=(75.011101416456 75.011101416456)
NH pos=-1 x=75.011101416456 y=-4.950039281241285 ink note=5 src=11:109
STEM dir=1 x=76.250301416456 ink
WISH left=(75.011101416456 75.011101416456) right=(78.03157498701918 78.03157498701918)
NH pos=0 x=78.03157498701918 y=-4.450039281241285 ink note=6 src=11:111
STEM dir=-1 x=78.09657498701918 ink
WISH left=(78.03157498701918 78.03157498701918) right=(81.0338199861538 81.0338199861538)
NH pos=1 x=81.0338199861538 y=-3.950039281241285 ink note=0 src=11:113
STEM dir=-1 x=81.0988199861538 ink
WISH left=(81.0338199861538 81.0338199861538) right=(83.87079355671699 96.7207185581593)
BAR x=83.87079355671699
BAR x=96.53071855815931
MMREST x=41.08691927792579 y=-4.450039281241285 bars=1 ink
MMREST x=61.92885641732138 y=-4.450039281241285 bars=2 ink
MMNUM "2" x=65.78477531495918
STAFF sy=-3.7759999999999994
NH pos=-2 x=5.8 y=-4.776 ink note=4 src=11:124
STEM dir=1 x=7.039199999999999 ink
WISH left=(5.8 5.8) right=(8.802244999134611 8.802244999134611)
NH pos=-1 x=8.802244999134611 y=-4.276 ink note=5 src=11:127
STEM dir=1 x=10.041444999134612 ink
WISH left=
`mmr1b.pdf' へ変換中...
(8.802244999134611 8.802244999134611) right=(11.822718569697795 11.822718569697795)
NH pos=0 x=11.822718569697795 y=-3.7759999999999994 ink note=6 src=11:129
STEM dir=-1 x=11.887718569697794 ink
WISH left=(11.822718569697795 11.822718569697795) right=(14.824963568832407 14.824963568832407)
NH pos=1 x=14.824963568832407 y=-3.2759999999999994 ink note=0 src=11:131
STEM dir=-1 x=14.889963568832407 ink
WISH left=(14.824963568832407 14.824963568832407) right=(17.85193713939559)
BAR x=17.66193713939559
成功: コンパイルが成功しました
