GNU LilyPond 2.26.0 (running Guile 3.0)
Processing `pcmsh-c.ly'
Parsing...
Interpreting music...
Preprocessing graphical objects...
Finding the ideal number of pages...
Fitting music on 1 page...
Drawing systems...
Converting to `pcmsh-c.pdf'...
MMREST x=0.0 y=-4.454045360851837 bars=8 ink
MMNUM "8" x=13.200918897637795
STAFF sy=-4.454045360851837
MMREST x=59.86775484324981 y=-4.454045360851837 bars=4 ink
MMNUM "4" x=64.65538712671437
REST x=23.375 y=-3.454045360851837 dur=0 dir=() ink src=16:27
TXT "r" x=23.375 y=-8.022287822096917 dir=-1 src=16:29
STEM dir=-1 x=24.125 ink
MMREST x=28.97304499913461 y=-4.454045360851837 bars=7 ink
MMNUM "7" x=36.754605433003235
MMREST x=45.677754843249815 y=-4.454045360851837 bars=8 ink
MMNUM "8" x=52.13367374088761
Success: compilation successfully completed
