GNU LilyPond 2.26.0 (running Guile 3.0)
Processing `pcrel-ctl.ly'
Parsing...
Interpreting music...
Preprocessing graphical objects...
Finding the ideal number of pages...
Fitting music on 1 page...
Drawing systems...STAFF sy=-3.7759999999999994
NH pos=-4 x=8.584999999999999 y=-5.776 ink note=2 src=12:27
NH pos=-6 x=8.584999999999999 y=-6.776 ink note=0 src=12:38
STEM dir=1 x=9.8974 ink
WISH left=(8.584999999999999 8.584999999999999 8.584999999999999) right=(12.86044499913461 12.86044499913461 12.86044499913461)
NH pos=-3 x=12.86044499913461 y=-5.276 ink note=3 src=12:31
NH pos=-5 x=12.86044499913461 y=-6.276 ink note=1 src=12:42
STEM dir=1 x=14.172844999134611 ink
WISH left=(12.86044499913461 12.86044499913461 12.86044499913461) right=(18.47588999826922 18.47588999826922 18.47588999826922 17.38588999826922)
NH pos=-4 x=18.47588999826922 y=-5.776 ink note=2 src=13:27
NH pos=-6 x=18.47588999826922 y=-6.776 ink note=0 src=13:47
STEM dir=1 x=19.78828999826922 ink
WISH left=(18.47588999826922 18.47588999826922 18.47588999826922) right=(22.75133499740383 22.75133499740383 22.75133499740383)
NH pos=-3 x=22.75133499740383 y=-5.276 ink note=3 src=13:31
NH pos=-5 x=22.75133499740383 y=-6.276 ink note=1 src=13:51
STEM dir=1 x=24.06373499740383 ink
WISH left=(22.75133499740383 22.75133499740383 22.75133499740383) right=(27.466779996538442)

Success: compilation successfully completed
