GNU LilyPond 2.26.0 (running Guile 3.0)
Processing `pcsil-a.ly'
Parsing...
Interpreting music...
Preprocessing graphical objects...
Finding the ideal number of pages...
Fitting music on 1 page...
Drawing systems...STAFF sy=-3.7759999999999994
REST x=8.584999999999999 y=-1.7759999999999994 dur=2 dir=1 ink src=11:19 headend=0.95
REST x=8.584999999999999 y=-5.776 dur=3 dir=-1 ink src=12:19 headend=0.9999999999999999
STEM dir=1 x=9.059999999999999 ink
WISH left=(8.584999999999999 8.584999999999999) right=(17.985 17.985)
STEM dir=-1 x=9.084999999999999 ink
WISH left=(8.584999999999999 8.584999999999999) right=(10.784999999999998 10.784999999999998)
REST x=10.784999999999998 y=-5.776 dur=3 dir=-1 ink src=12:22 headend=0.9999999999999999
STEM dir=-1 x=11.284999999999998 ink
WISH left=(10.784999999999998 10.784999999999998) right=(17.985 17.985)
REST x=13.184999999999999 y=-3.7759999999999994 dur=1 dir=() ink src=11:25 headend=1.4999999999999998
STEM dir=-1 x=13.934999999999999 ink
WISH left=(13.184999999999999 13.184999999999999) right=(24.474999999999998 24.474999999999998 22.384999999999998)
REST x=17.985 y=-1.7759999999999994 dur=3 dir=1 ink src=11:28 headend=0.9999999999999999
REST x=17.985 y=-5.776 dur=2 dir=-1 ink src=12:28 headend=0.95
STEM dir=1 x=18.485 ink
WISH left=(17.985 17.985) right=(20.185 20.185)
STEM dir=-1 x=18.46 ink
WISH left=(17.985 17.985) right=(22.384999999999998 30.964999999999996)
REST x=20.185 y=-1.7759999999999994 dur=3 dir=1 ink src=11:31 headend=0.9999999999999999
STEM dir=1 x=20.685 ink
WISH left=(20.185 20.185) right=(22.384999999999998 30.964999999999996)
REST x=24.474999999999998 y=-2.7759999999999994 dur=0 dir=() ink src=11:36 headend=1.4999999999999998
STEM dir=-1 x=25.224999999999998 ink
WISH left=(24.474999999999998 24.474999999999998) right=(30.964999999999996)

Success: compilation successfully completed
