GNU LilyPond 2.26.0 (running Guile 3.0)
Processing `pcsm.ly'
Parsing...
Interpreting music...
Preprocessing graphical objects...
Finding the ideal number of pages...
Fitting music on 1 page...
Drawing systems...STAFF sy=-3.7759999999999994
STAFF sy=-13.284384375000002
REST x=8.584999999999999 y=-2.7759999999999994 dur=0 dir=() ink src=14:21 headend=1.4999999999999998
TXT "r" x=8.584999999999999 y=-7.29902998716603 dir=-1 src=14:23
REST x=8.584999999999999 y=-12.284384375000002 dur=0 dir=() ink src=18:21 headend=1.4999999999999998
TXT "r" x=8.584999999999999 y=-10.734384375000001 dir=1 src=18:23
STEM dir=-1 x=9.334999999999999 ink
WISH left=(8.584999999999999 8.584999999999999) right=(14.183044999134612 22.073044999134613 29.761089998269224 38.741089998269224 38.741089998269224 37.65108999826922)
STEM dir=-1 x=9.334999999999999 ink
WISH left=(8.584999999999999 8.584999999999999) right=(14.183044999134612 22.073044999134613 29.761089998269224 38.741089998269224 38.741089998269224 37.65108999826922)
TXT "s" x=16.322710240008966 y=-1.2259999999999995 dir=1 src=13:32
BAR x=14.183044999134612
TXT "s" x=16.322710240008966 y=-16.80741362881398 dir=-1 src=19:32
BAR x=14.183044999134612
REST x=24.163044999134613 y=-1.7759999999999994 dur=0 dir=1 ink src=13:39 headend=1.4999999999999998
TXT "r" x=24.163044999134613 y=-1.2259999999999995 dir=1 src=13:41
TXT "s" x=24.163044999134613 y=-7.299029253813977 dir=-1 src=14:41
BAR x=22.073044999134613
TXT "s" x=24.163044999134613 y=-10.734384375000001 dir=1 src=18:41
REST x=24.163044999134613 y=-15.284384375000002 dur=0 dir=-1 ink src=19:39 headend=1.4999999999999998
TXT "r" x=24.163044999134613 y=-17.381414362166034 dir=-1 src=19:41
BAR x=22.073044999134613
STEM dir=1 x=24.913044999134613 ink
WISH left=(24.163044999134613 24.163044999134613) right=(29.761089998269224 37.65108999826922 44.52913499740384)
STEM dir=-1 x=24.913044999134613 ink
WISH left=(24.163044999134613 24.163044999134613) right=(29.761089998269224 37.65108999826922 44.52913499740384)
BAR x=29.761089998269224
BAR x=29.761089998269224
REST x=38.741089998269224 y=-2.7759999999999994 dur=0 dir=() ink src=14:74 headend=1.4999999999999998
BAR x=37.65108999826922
REST x=38.741089998269224 y=-12.284384375000002 dur=0 dir=() ink src=18:74 headend=1.4999999999999998
BAR x=37.65108999826922
STEM dir=-1 x=39.491089998269224 ink
WISH left=(38.741089998269224 38.741089998269224) right=(44.52913499740384)
STEM dir=-1 x=39.491089998269224 ink
WISH left=(38.741089998269224 38.741089998269224) right=(44.52913499740384)
BAR x=44.33913499740384
BAR x=44.33913499740384
MMREST x=14.183044999134612 y=-6.776 bars=1 ink
MMTXT "R" x=17.488963896772407 y=-8.3176921875 dir=-1 src=14:32
MMREST x=14.183044999134612 y=-12.284384375000002 bars=1 ink
MMTXT "R" x=17.488963896772407 y=-10.774384375000002 dir=1 src=18:32
MMREST x=29.761089998269224 y=-3.7759999999999994 bars=1 ink
MMREST x=29.761089998269224 y=-13.284384375000002 bars=1 ink

Success: compilation successfully completed
