GNU LilyPond 2.26.0 (running Guile 3.0)
Processing `pctend.ly'
Parsing...
Interpreting music...
Preprocessing graphical objects...
Finding the ideal number of pages...
Fitting music on 1 page...
Drawing systems...STAFF sy=-5.924603960845227
REST x=8.584999999999999 y=-5.924603960845227 dur=1 dir=() ink src=11:4 headend=1.4999999999999998
STEM dir=-1 x=9.334999999999999 ink
WISH left=(8.584999999999999 8.584999999999999) right=(31.403140715151107 31.403140715151107 29.313140715151107)
NH pos=-2 x=14.086955000865387 y=-6.924603960845227 ink note=4 src=12:18
TEXT "Solo" x=14.086955000865387 y=2.7743767085999016 series=bold shape=() size=()
STEM dir=1 x=15.326155000865388 ink
WISH left=(14.086955000865387 14.086955000865387) right=(16.59115500086539 16.59115500086539)
NH pos=-2 x=16.59115500086539 y=-6.924603960845227 ink note=4 src=12:23
STEM dir=1 x=17.83035500086539 ink
WISH left=(16.59115500086539 16.59115500086539) right=(19.09535500086539 19.09535500086539)
NH pos=-2 x=19.09535500086539 y=-6.924603960845227 ink note=4 src=12:25
STEM dir=1 x=20.33455500086539 ink
WISH left=(19.09535500086539 19.09535500086539) right=(21.59955500086539 21.59955500086539)
NH pos=-2 x=21.59955500086539 y=-6.924603960845227 ink note=4 src=13:18
STEM dir=1 x=22.83875500086539 ink
WISH left=(21.59955500086539 21.59955500086539) right=(24.10375500086539 24.10375500086539)
NH pos=-2 x=24.10375500086539 y=-6.924603960845227 ink note=4 src=13:21
STEM dir=1 x=25.34295500086539 ink
WISH left=(24.10375500086539 24.10375500086539) right=(26.607955000865392 26.607955000865392)
NH pos=-2 x=26.607955000865392 y=-6.924603960845227 ink note=4 src=13:23
STEM dir=1 x=27.847155000865392 ink
WISH left=(26.607955000865392 26.607955000865392) right=(29.313140715151107 39.05709571601649)
NH pos=-2 x=31.403140715151107 y=-6.924603960845227 ink note=4 src=13:28
TEXT "a2" x=31.403140715151107 y=2.5639707477239173 series=bold shape=() size=()
NH pos=0 x=31.403140715151107 y=-5.924603960845227 NOINK note=4 src=15:17
STEM dir=1 x=32.384140715151105 ink
WISH left=(31.403140715151107 31.403140715151107) right=(39.05709571601649)
BEAM positions=(2.0 . 2.0) xext=(15.261155000865388 . 20.39955500086539) ink
TUPBR xext=(+inf.0 . -inf.0) positions=(3.3400000000000003 . 3.3400000000000003) dir=1 ink src=12:4
TUPNUM "3" x=17.83035500086539 y=-2.5846039608452265 ink
BEAM positions=(2.0 . 2.0) xext=(22.77375500086539 . 27.912155000865393) ink
TUPBR xext=(+inf.0 . -inf.0) positions=(3.3400000000000003 . 3.3400000000000003) dir=1 ink src=13:4
TUPNUM "3" x=25.34295500086539 y=-2.5846039608452265 ink

Success: compilation successfully completed
