GNU LilyPond 2.26.0 (running Guile 3.0)
Processing `pctend-ctl.ly'
Parsing...
Interpreting music...
Preprocessing graphical objects...
Finding the ideal number of pages...
Fitting music on 1 page...
Drawing systems...STAFF sy=-3.9402253344918803
REST x=8.584999999999999 y=-3.9402253344918803 dur=1 dir=() ink src=9:2 headend=1.4999999999999998
STEM dir=-1 x=9.334999999999999 ink
WISH left=(8.584999999999999 8.584999999999999) right=(14.386955000865386 14.386955000865386)
NH pos=-2 x=14.386955000865386 y=-4.94022533449188 ink note=4 src=10:16
STEM dir=1 x=15.626155000865387 ink
WISH left=(14.386955000865386 14.386955000865386) right=(16.891155000865385 16.891155000865385)
NH pos=-2 x=16.891155000865385 y=-4.94022533449188 ink note=4 src=10:21
STEM dir=1 x=18.130355000865386 ink
WISH left=(16.891155000865385 16.891155000865385) right=(19.395355000865386 19.395355000865386)
NH pos=-2 x=19.395355000865386 y=-4.94022533449188 ink note=4 src=10:23
STEM dir=1 x=20.634555000865387 ink
WISH left=(19.395355000865386 19.395355000865386) right=(21.899555000865387 21.899555000865387)
NH pos=-2 x=21.899555000865387 y=-4.94022533449188 ink note=4 src=11:16
STEM dir=1 x=23.138755000865388 ink
WISH left=(21.899555000865387 21.899555000865387) right=(24.403755000865388 24.403755000865388)
NH pos=-2 x=24.403755000865388 y=-4.94022533449188 ink note=4 src=11:19
STEM dir=1 x=25.64295500086539 ink
WISH left=(24.403755000865388 24.403755000865388) right=(26.90795500086539 26.90795500086539)
NH pos=-2 x=26.90795500086539 y=-4.94022533449188 ink note=4 src=11:21
STEM dir=1 x=28.14715500086539 ink
WISH left=(26.90795500086539 26.90795500086539) right=(31.703140715151104 31.703140715151104 29.613140715151104)
NH pos=-2 x=31.703140715151104 y=-4.94022533449188 ink note=4 src=11:26
STEM dir=1 x=32.6841407151511 ink
WISH left=(31.703140715151104 31.703140715151104) right=(39.35709571601649)
BEAM positions=(2.0 . 2.0) xext=(15.561155000865387 . 20.699555000865388) ink
TUPBR xext=(+inf.0 . -inf.0) positions=(3.3400000000000003 . 3.3400000000000003) dir=1 ink src=10:2
TUPNUM "3" x=18.130355000865386 y=-0.60022533449188 ink
BEAM positions=(2.0 . 2.0) xext=(23.073755000865386 . 28.21215500086539) ink
TUPBR xext=(+inf.0 . -inf.0) positions=(3.3400000000000003 . 3.3400000000000003) dir=1 ink src=11:2
TUPNUM "3" x=25.64295500086539 y=-0.60022533449188 ink

Success: compilation successfully completed
